2025-08-11 11:15:18,159 - INFO - Saved predictions for Karachi to data/predictions_Karachi.csv
2025-08-11 11:15:19,466 - INFO - Saved SHAP plot for Karachi to data/shap_Karachi.png
2025-08-11 11:15:19,962 - INFO - Saved predictions for Islamabad to data/predictions_Islamabad.csv
2025-08-11 11:15:20,573 - INFO - Saved SHAP plot for Islamabad to data/shap_Islamabad.png
2025-08-11 11:15:21,172 - INFO - Saved predictions for Lahore to data/predictions_Lahore.csv
2025-08-11 11:15:21,792 - INFO - Saved SHAP plot for Lahore to data/shap_Lahore.png
2025-08-11 11:34:50,896 - INFO - Saved predictions for Karachi to data/predictions_Karachi.csv
2025-08-11 11:34:51,544 - INFO - Saved SHAP plot for Karachi to data/shap_Karachi.png
2025-08-11 11:34:51,668 - INFO - Saved predictions for Islamabad to data/predictions_Islamabad.csv
2025-08-11 11:34:52,306 - INFO - Saved SHAP plot for Islamabad to data/shap_Islamabad.png
2025-08-11 11:34:52,398 - INFO - Saved predictions for Lahore to data/predictions_Lahore.csv
2025-08-11 11:34:53,144 - INFO - Saved SHAP plot for Lahore to data/shap_Lahore.png
2025-08-11 22:21:12,563 - INFO - Saved predictions for Karachi to data/predictions_Karachi.csv
2025-08-11 22:21:13,980 - INFO - Saved SHAP plot for Karachi to data/shap_karachi.png
2025-08-11 22:21:14,862 - INFO - Saved predictions for Islamabad to data/predictions_Islamabad.csv
2025-08-11 22:21:15,489 - INFO - Saved SHAP plot for Islamabad to data/shap_islamabad.png
2025-08-11 22:21:16,189 - INFO - Saved predictions for Lahore to data/predictions_Lahore.csv
2025-08-11 22:21:16,938 - INFO - Saved SHAP plot for Lahore to data/shap_lahore.png
2025-08-11 22:24:07,701 - INFO - Saved predictions for Karachi to data/predictions_Karachi.csv
2025-08-11 22:24:08,375 - INFO - Saved SHAP plot for Karachi to data/shap_karachi.png
2025-08-11 22:24:08,525 - INFO - Saved predictions for Islamabad to data/predictions_Islamabad.csv
2025-08-11 22:24:09,178 - INFO - Saved SHAP plot for Islamabad to data/shap_islamabad.png
2025-08-11 22:24:09,266 - INFO - Saved predictions for Lahore to data/predictions_Lahore.csv
2025-08-11 22:24:10,055 - INFO - Saved SHAP plot for Lahore to data/shap_lahore.png
2025-08-11 22:25:25,038 - INFO - Saved predictions for Karachi to data/predictions_Karachi.csv
2025-08-11 22:25:25,677 - INFO - Saved SHAP plot for Karachi to data/shap_karachi.png
2025-08-11 22:25:25,813 - INFO - Saved predictions for Islamabad to data/predictions_Islamabad.csv
2025-08-11 22:25:26,493 - INFO - Saved SHAP plot for Islamabad to data/shap_islamabad.png
2025-08-11 22:25:26,589 - INFO - Saved predictions for Lahore to data/predictions_Lahore.csv
2025-08-11 22:25:27,337 - INFO - Saved SHAP plot for Lahore to data/shap_lahore.png
2025-08-11 22:27:18,182 - INFO - Saved predictions for Karachi to data/predictions_Karachi.csv
2025-08-11 22:27:18,867 - INFO - Saved SHAP plot for Karachi to data/shap_karachi.png
2025-08-11 22:27:19,005 - INFO - Saved predictions for Islamabad to data/predictions_Islamabad.csv
2025-08-11 22:27:19,634 - INFO - Saved SHAP plot for Islamabad to data/shap_islamabad.png
2025-08-11 22:27:19,733 - INFO - Saved predictions for Lahore to data/predictions_Lahore.csv
2025-08-11 22:27:20,433 - INFO - Saved SHAP plot for Lahore to data/shap_lahore.png
2025-08-11 22:50:50,719 - INFO - Saved SHAP plot for Karachi to data/shap_karachi.png
2025-08-11 22:50:50,724 - INFO - Saved predictions for Karachi to data/predictions_Karachi.csv
2025-08-11 22:50:51,600 - INFO - Saved SHAP plot for Islamabad to data/shap_islamabad.png
2025-08-11 22:50:51,600 - INFO - Saved predictions for Islamabad to data/predictions_Islamabad.csv
2025-08-11 22:50:52,428 - INFO - Saved SHAP plot for Lahore to data/shap_lahore.png
2025-08-11 22:50:52,444 - INFO - Saved predictions for Lahore to data/predictions_Lahore.csv
